<html>
<body>
<pre>
<h1>µVision Build Log</h1>
<h2>Tool Versions:</h2>
IDE-Version: ¦ÌVision V5.23.0.0
Copyright (C) 2017 ARM Ltd and ARM Germany GmbH. All rights reserved.
License Information: TT YBB, TT, LIC=76F5U-SQGDT-8T33P-M1S8J-E9BMV-K6G1Q
 
Tool Versions:
Toolchain:       MDK-ARM Plus  Version: 5.23
Toolchain Path:  D:\Keil_v5\ARM\ARMCC\Bin
C Compiler:      Armcc.exe V5.06 update 4 (build 422)
Assembler:       Armasm.exe V5.06 update 4 (build 422)
Linker/Locator:  ArmLink.exe V5.06 update 4 (build 422)
Library Manager: ArmAr.exe V5.06 update 4 (build 422)
Hex Converter:   FromElf.exe V5.06 update 4 (build 422)
CPU DLL:         SARMCM3.DLL V5.23
Dialog DLL:      DCM.DLL V1.15.0.0
Target DLL:      STLink\ST-LINKIII-KEIL_SWO.dll V2.0.18.0
Dialog DLL:      TCM.DLL V1.27.0.0
 
<h2>Project:</h2>
C:\Users\YBB\Desktop\Ryan\STM32\Demo\3-RCC\Project\first_STM.uvprojx
Project File Date:  01/09/2022

<h2>Output:</h2>
*** Using Compiler 'V5.06 update 4 (build 422)', folder: 'D:\Keil_v5\ARM\ARMCC\Bin'
Rebuild target 'Target 1'
assembling startup_stm32f10x_md.s...
compiling KEY.c...
..\USER\KEY.c(28): warning:  #940-D: missing return statement at end of non-void function "Key_Scan" 
  }
..\USER\KEY.c: 1 warning, 0 errors
compiling core_cm3.c...
compiling usart.c...
compiling main.c...
..\USER\main.c(26): warning:  #1-D: last line of file ends without a newline
  }
..\USER\main.c: 1 warning, 0 errors
compiling LED.c...
compiling stm32f10x_it.c...
compiling stm32f10x_adc.c...
compiling misc.c...
compiling bsp_rccclkconfigure.c...
compiling system_stm32f10x.c...
compiling stm32f10x_bkp.c...
compiling stm32f10x_cec.c...
compiling stm32f10x_dac.c...
compiling stm32f10x_dbgmcu.c...
compiling stm32f10x_crc.c...
compiling stm32f10x_can.c...
compiling stm32f10x_dma.c...
compiling stm32f10x_gpio.c...
compiling stm32f10x_flash.c...
compiling stm32f10x_exti.c...
compiling stm32f10x_fsmc.c...
compiling stm32f10x_i2c.c...
compiling stm32f10x_iwdg.c...
compiling stm32f10x_pwr.c...
compiling stm32f10x_rcc.c...
compiling stm32f10x_spi.c...
compiling stm32f10x_tim.c...
compiling stm32f10x_wwdg.c...
compiling stm32f10x_rtc.c...
compiling stm32f10x_usart.c...
compiling stm32f10x_sdio.c...
linking...
Program Size: Code=1472 RO-data=252 RW-data=0 ZI-data=1024  
FromELF: creating hex file...
".\Objects\first_STM.axf" - 0 Error(s), 2 Warning(s).

<h2>Collection of Component include folders:</h2>
  .\RTE\_Target_1
  D:\Keil_v5\ARM\PACK\Keil\STM32F1xx_DFP\2.2.0\Device\Include

<h2>Collection of Component Files used:</h2>
Build Time Elapsed:  00:00:05
</pre>
</body>
</html>
